<html>
<body>
<pre>
<h1>µVision Build Log</h1>
<h2>Tool Versions:</h2>
IDE-Version: µVision V5.17.0.0
Copyright (C) 2015 ARM Ltd and ARM Germany GmbH. All rights reserved.
License Information: Phong dang, hcmute, LIC=4ZLZ9-41PVG-AW32F-6UTVY-BSK4W-E4Y29
 
Tool Versions:
Toolchain:       MDK-ARM Professional  Version: 5.28.0.0
Toolchain Path:  C:\Keil_v5\ARM\ARMCC\Bin
C Compiler:      Armcc.exe V5.06 update 6 (build 750)
Assembler:       Armasm.exe V5.06 update 6 (build 750)
Linker/Locator:  ArmLink.exe V5.06 update 6 (build 750)
Library Manager: ArmAr.exe V5.06 update 6 (build 750)
Hex Converter:   FromElf.exe V5.06 update 6 (build 750)
CPU DLL:         SARMCM3.DLL V5.28.0.0
Dialog DLL:      DCM.DLL V1.17.3.0
Target DLL:      STLink\ST-LINKIII-KEIL_SWO.dll V3.0.6.0
Dialog DLL:      TCM.DLL V1.36.2.0
 
<h2>Project:</h2>
E:\SPKT\DO_AN_2\research\DO_AN_2 - Copy (1)\MDK-ARM\DO_AN_2.uvprojx
Project File Date:  12/19/2019

<h2>Output:</h2>
*** Using Compiler 'V5.06 update 6 (build 750)', folder: 'C:\Keil_v5\ARM\ARMCC\Bin'
Build target 'DO_AN_2'
compiling tv_dht11.c...
..\Src\tv_dht11.c(15): warning:  #188-D: enumerated type mixed with another type
  	DHT11_DOUT_0 ;
..\Src\tv_dht11.c(24): warning:  #188-D: enumerated type mixed with another type
  	DHT11_DOUT_0 ;
..\Src\tv_dht11.c(28): warning:  #188-D: enumerated type mixed with another type
  	DHT11_DOUT_1 ;
..\Src\tv_dht11.c(106): warning:  #188-D: enumerated type mixed with another type
  		DHT11_DOUT_1 ;
..\Src\tv_dht11.c: 4 warnings, 0 errors
linking...
Program Size: Code=3992 RO-data=428 RW-data=20 ZI-data=1028  
FromELF: creating hex file...
"DO_AN_2\DO_AN_2.axf" - 0 Error(s), 4 Warning(s).

<h2>Software Packages used:</h2>

Package Vendor: ARM
                http://www.keil.com/pack/ARM.CMSIS.5.5.1.pack
                ARM::CMSIS:CORE:5.2.0
                CMSIS (Cortex Microcontroller Software Interface Standard)
   * Component: CORE Version: 5.2.0

<h2>Collection of Component include folders:</h2>
  E:\SPKT\DO_AN_2\research\DO_AN_2 - Copy (1)\MDK-ARM\RTE
  C:\Users\Tan Phong Dang\AppData\Local\Arm\Packs\ARM\CMSIS\5.5.1\CMSIS\Core\Include
  C:\Users\Tan Phong Dang\AppData\Local\Arm\Packs\Keil\STM32F1xx_DFP\2.3.0\Device\Include

<h2>Collection of Component Files used:</h2>

   * Component: ARM::CMSIS:CORE:5.2.0
Build Time Elapsed:  00:00:04
</pre>
</body>
</html>
